
> web@0.1.0 build
> next build

??Next.js 16.1.6 (Turbopack)
- Environments: .env.local
- Experiments (use with caution):
  쨌 serverActions

  Creating an optimized production build ...
??Compiled successfully in 3.2s
  Running TypeScript ...
  Collecting page data using 15 workers ...
  Generating static pages using 15 workers (0/9) ...
  Generating static pages using 15 workers (2/9) 
  Generating static pages using 15 workers (4/9) 
  Generating static pages using 15 workers (6/9) 
??Generating static pages using 15 workers (9/9) in 1792.9ms
  Finalizing page optimization ...

Route (app)                Revalidate  Expire
????/                              1m      1y
????/_not-found
??? /api/scraper/continue
??? /api/scraper/download
??? /api/scraper/start
??? /api/scraper/stop
??? /api/scraper/stream
????/manifest.webmanifest
????/pdf-splitter
????/scraper


?? (Static)   prerendered as static content
?  (Dynamic)  server-rendered on demand

